 [ 0 ; 9 3 m 2 0 2 5 - 1 2 - 0 4   2 1 : 3 5 : 2 8 . 3 2 8 0 3 8 3   [ W : o n n x r u n t i m e : ,   g r a p h . c c : 4 8 8 5   o n n x r u n t i m e : : G r a p h : : C l e a n U n u s e d I n i t i a l i z e r s A n d N o d e A r g s ]   R e m o v i n g   i n i t i a l i z e r   ' 1 7 0 9 ' .   I t   i s   n o t   u s e d   b y   a n y   n o d e   a n d   s h o u l d   b e   r e m o v e d   f r o m   t h e   m o d e l .  [ m 
  [ 0 ; 9 3 m 2 0 2 5 - 1 2 - 0 4   2 1 : 3 5 : 2 8 . 3 2 9 5 2 5 4   [ W : o n n x r u n t i m e : ,   g r a p h . c c : 4 8 8 5   o n n x r u n t i m e : : G r a p h : : C l e a n U n u s e d I n i t i a l i z e r s A n d N o d e A r g s ]   R e m o v i n g   i n i t i a l i z e r   ' 1 7 0 1 ' .   I t   i s   n o t   u s e d   b y   a n y   n o d e   a n d   s h o u l d   b e   r e m o v e d   f r o m   t h e   m o d e l .  [ m 
  [ 0 ; 9 3 m 2 0 2 5 - 1 2 - 0 4   2 1 : 3 5 : 2 8 . 3 3 0 8 9 8 3   [ W : o n n x r u n t i m e : ,   g r a p h . c c : 4 8 8 5   o n n x r u n t i m e : : G r a p h : : C l e a n U n u s e d I n i t i a l i z e r s A n d N o d e A r g s ]   R e m o v i n g   i n i t i a l i z e r   ' 1 7 0 6 ' .   I t   i s   n o t   u s e d   b y   a n y   n o d e   a n d   s h o u l d   b e   r e m o v e d   f r o m   t h e   m o d e l .  [ m 
 C:\Users\HS\anaconda3\envs\tryangle_v15\lib\site-packages\transformers\models\grounding_dino\processing_grounding_dino.py:93: FutureWarning: The key `labels` is will return integer ids in `GroundingDinoProcessor.post_process_grounded_object_detection` output since v4.51.0. Use `text_labels` instead to retrieve string object names.
  warnings.warn(self.message, FutureWarning)
Using a slow image processor as `use_fast` is unset and a slow processor was saved with this model. `use_fast=True` will be the default behavior in v4.52, even if the model was saved with a slow processor. This will result in minor differences in outputs. You'll still be able to use a slow processor with `use_fast=False`.

======================================================================
±¸µµ Ã¼Å© Á÷Á¢ Å×½ºÆ®
======================================================================
[DEBUG MODE] SmartFeedbackV5 Debug Version
[SmartFeedbackV5Debug] ÃÊ±âÈ­ Áß... (¾ð¾î: ko)
[Wholebody Analyzer] ÃÊ±âÈ­ Áß... (mode: balanced, device: cpu)
load C:\Users\HS\.cache\rtmlib\hub\checkpoints\yolox_m_8xb8-300e_humanart-c2c7a14a.onnx with onnxruntime backend
load C:\Users\HS\.cache\rtmlib\hub\checkpoints\rtmw-dw-x-l_simcc-cocktail14_270e-256x192_20231122.onnx with onnxruntime backend
[Wholebody Analyzer] ÃÊ±âÈ­ ¿Ï·á (133 Å°Æ÷ÀÎÆ®)
[System] Initializing Reference Comparison System...
[System] Ready!
[FeedbackConfig] ¾ð¾î ¼³Á¤: ko
[SmartFeedbackV5Debug] ÃÊ±âÈ­ ¿Ï·á

Å×½ºÆ®: position_left.jpg vs position_right.jpg
--------------------------------------------------

======================================================================
[DEBUG] Gate System v5 Debug Mode ºÐ¼® ½ÃÀÛ
======================================================================

[ÀÔ·Â ÆÄÀÏ Á¤º¸]
  Current: position_left.jpg
  Reference: position_right.jpg

[ÀÌ¹ÌÁö Å©±â]
  Current: 1080x1440 (WxH)
  Reference: 1080x1440 (WxH)

[133°³ Å°Æ÷ÀÎÆ® ÃßÃâ - »ó¼¼]
------------------------------------------------------------

[Current ÀÌ¹ÌÁö Å°Æ÷ÀÎÆ® ºÐ¼®]
  ÀÎ¹° ¼ö: 1¸í

  [½ÅÃ¼ Å°Æ÷ÀÎÆ®] 17°³ °ËÃâ
    nose           : À§Ä¡( 211,  395) ½Å·Úµµ=0.92
    left_shoulder  : À§Ä¡( 381,  510) ½Å·Úµµ=0.75
    right_shoulder : À§Ä¡( 246,  495) ½Å·Úµµ=0.73
    left_hip       : À§Ä¡( 343,  883) ½Å·Úµµ=0.63
    right_hip      : À§Ä¡( 251,  880) ½Å·Úµµ=0.67
    left_knee      : À§Ä¡( 406, 1124) ½Å·Úµµ=0.65
    right_knee     : À§Ä¡( 208, 1115) ½Å·Úµµ=0.72
    left_ankle     : À§Ä¡( 558, 1379) ½Å·Úµµ=0.71
    right_ankle    : À§Ä¡( 182, 1379) ½Å·Úµµ=0.79

  [¹ß Å°Æ÷ÀÎÆ®] 6°³ °ËÃâ
    left_big_toe   : À§Ä¡( 467, 1425) ½Å·Úµµ=0.67
    left_small_toe : À§Ä¡( 504, 1445) ½Å·Úµµ=0.70
    left_heel      : À§Ä¡( 607, 1399) ½Å·Úµµ=0.75
    right_big_toe  : À§Ä¡(  45, 1417) ½Å·Úµµ=0.68
    right_small_toe: À§Ä¡(  56, 1402) ½Å·Úµµ=0.74
    right_heel     : À§Ä¡( 205, 1402) ½Å·Úµµ=0.75

  [¾ó±¼ ·£µå¸¶Å©] 68°³ °ËÃâ

  [¼Õ Å°Æ÷ÀÎÆ®]
    ¿Þ¼Õ: 21°³
    ¿À¸¥¼Õ: 4°³

  [ÇÏÀÌ¾Þ±Û ºÐ¼®]
    ¸Ó¸® Y: 395
    ¹ß¸ñ Y: 1379
    ½ÅÀå ºñÀ²: 0.68 (ÀÌ¹ÌÁö ³ôÀÌ ´ëºñ)
    -> Àü½ÅÀÌ Æ÷ÇÔµÊ (ºñÀ² > 0.6)

[Reference ÀÌ¹ÌÁö Å°Æ÷ÀÎÆ® ºÐ¼®]
  ÀÎ¹° ¼ö: 1¸í

  [½ÅÃ¼ Å°Æ÷ÀÎÆ®] 17°³ °ËÃâ
    nose           : À§Ä¡( 645,  396) ½Å·Úµµ=0.94
    left_shoulder  : À§Ä¡( 809,  509) ½Å·Úµµ=0.76
    right_shoulder : À§Ä¡( 676,  494) ½Å·Úµµ=0.72
    left_hip       : À§Ä¡( 775,  887) ½Å·Úµµ=0.64
    right_hip      : À§Ä¡( 682,  876) ½Å·Úµµ=0.68
    left_knee      : À§Ä¡( 832, 1124) ½Å·Úµµ=0.65
    right_knee     : À§Ä¡( 642, 1116) ½Å·Úµµ=0.73
    left_ankle     : À§Ä¡( 986, 1376) ½Å·Úµµ=0.71
    right_ankle    : À§Ä¡( 619, 1376) ½Å·Úµµ=0.80

  [¹ß Å°Æ÷ÀÎÆ®] 6°³ °ËÃâ
    left_big_toe   : À§Ä¡( 899, 1419) ½Å·Úµµ=0.69
    left_small_toe : À§Ä¡( 931, 1445) ½Å·Úµµ=0.70
    left_heel      : À§Ä¡(1038, 1399) ½Å·Úµµ=0.75
    right_big_toe  : À§Ä¡( 503, 1416) ½Å·Úµµ=0.75
    right_small_toe: À§Ä¡( 512, 1402) ½Å·Úµµ=0.79
    right_heel     : À§Ä¡( 645, 1399) ½Å·Úµµ=0.76

  [¾ó±¼ ·£µå¸¶Å©] 68°³ °ËÃâ

  [¼Õ Å°Æ÷ÀÎÆ®]
    ¿Þ¼Õ: 21°³
    ¿À¸¥¼Õ: 0°³

  [ÇÏÀÌ¾Þ±Û ºÐ¼®]
    ¸Ó¸® Y: 396
    ¹ß¸ñ Y: 1376
    ½ÅÀå ºñÀ²: 0.68 (ÀÌ¹ÌÁö ³ôÀÌ ´ëºñ)
    -> Àü½ÅÀÌ Æ÷ÇÔµÊ (ºñÀ² > 0.6)

[Legacy ½Ã½ºÅÛ ºÐ¼®]
------------------------------------------------------------

============================================================
·¹ÆÛ·±½º ±â¹Ý ºñ±³
============================================================

[ºÐ¼® Áß] position_right.jpg
  - ÀÎ¹° °¨Áö Áß...
[GroundingDINO] Loaded HuggingFace model on cuda
  - ±íÀÌ ºÐ¼® Áß...
[DepthAnything] Loaded HuggingFace model on cuda
  - ¿Ï·á ½Ã°£: 9.52ÃÊ

[ºÐ¼® Áß] position_left.jpg
  - ÀÎ¹° °¨Áö Áß...
  - ±íÀÌ ºÐ¼® Áß...
  - ¿Ï·á ½Ã°£: 0.43ÃÊ

[ºñ±³ Áß] Â÷ÀÌÁ¡ °è»ê Áß...

======================================================================
[DEBUG] Full Analysis Mode - ¸ðµç Gate Á¡°Ë
======================================================================

[GATE 0] Á¾È¾ºñ Ã¼Å©...
  Current Á¾È¾ºñ: 0.750 = 3:4 (¼¼·Î)
  Reference Á¾È¾ºñ: 0.750 = 3:4 (¼¼·Î)
  Â÷ÀÌ: 0.000
  -> Á¾È¾ºñ ÀÏÄ¡ (Â÷ÀÌ < 0.1)

[GATE 1] ÇÁ·¹ÀÌ¹Ö Ã¼Å©...

  [ÇÁ·¹ÀÌ¹Ö Á¾ÇÕ ºÐ¼®]
  --------------------------------------------------

  [0] ÀÎ¹° ¹æÇâ
     Current: front
     Reference: front

  [1] ¼¦ Å¸ÀÔ ºÐ¼®
     Current: Àü½Å¼¦
       ÃÖÇÏ´Ü: feet/ankle
     Reference: Àü½Å¼¦
       ÃÖÇÏ´Ü: feet/ankle
     -> °°Àº Ä«Å×°í¸® (Á¡¼ö: 95)

  [2] ÀÎ¹° ºñÁß ºÐ¼®
     Current: È­¸éÀÇ 24.6% Â÷Áö
     Reference: È­¸éÀÇ 24.1% Â÷Áö
     -> ºñ½ÁÇÑ Å©±â (Á¡¼ö: 95)

  [3] ÇÏ´Ü ¿©¹é ºÐ¼®
     Current: ÇÏ´Ü 4.2% (ÀÎ¹° ¾Æ·¡ °ø°£)
     Reference: ÇÏ´Ü 4.5%
     -> ÀûÀýÇÑ ¿©¹é (Á¡¼ö: 95)

  [4] 4¹æÇâ ¿©¹é ºÐ¼®
     Current ¿©¹é:
       »ó:33% ÇÏ:-28% ÁÂ:13% ¿ì:61%
     Reference ¿©¹é:
       »ó:33% ÇÏ:-27% ÁÂ:43% ¿ì:32%
     -> Áß¾Ó Á¤·Ä ÇÊ¿ä

  [Á¾ÇÕ ÇÁ·¹ÀÌ¹Ö Á¡¼ö] 92/100
     (¼¦Å¸ÀÔ 30% + ÀÎ¹°ºñÁß 40% + ÇÏ´Ü¿©¹é 30%)
     -> ÇÁ·¹ÀÌ¹Ö Á¶Á¤ ÇÊ¿ä

  [ÇÇµå¹é]
     - ¼¦ Å¸ÀÔÀÌ ·¹ÆÛ·±½º¿Í ÀÏÄ¡ÇÕ´Ï´Ù (Àü½Å¼¦)

[GATE 2] ±¸µµ Ã¼Å©...

  [±¸µµ ºÐ¼®]
  Current ¾ó±¼ Áß½É: (0.21, 0.28)
    3ºÐÇÒ À§Ä¡: (1, 1)
  Reference ¾ó±¼ Áß½É: (0.61, 0.28)
    3ºÐÇÒ À§Ä¡: (2, 1)
  -> ±¸µµ ºÒÀÏÄ¡ (Á¡¼ö: 40)
Traceback (most recent call last):
  File "C:\try_angle\v1.5_ios\src\v1.5_realtime\test_direct_composition.py", line 25, in <module>
    result = comparer.analyze_with_gates(
  File "C:\try_angle\v1.5_ios\src\v1.5_realtime\compare_final_improved_v5_debug.py", line 132, in analyze_with_gates
    return self._full_analysis_debug(
  File "C:\try_angle\v1.5_ios\src\v1.5_realtime\compare_final_improved_v5_debug.py", line 254, in _full_analysis_debug
    composition_score, composition_feedback = self._check_composition_debug(
  File "C:\try_angle\v1.5_ios\src\v1.5_realtime\compare_final_improved_v5_debug.py", line 688, in _check_composition_debug
    print(f"     \U0001f4f8 Ä«¸Þ¶ó¸¦ ¿ÞÂÊÀ¸·Î {percent_x:.0f}% ÀÌµ¿")
UnicodeEncodeError: 'cp949' codec can't encode character '\U0001f4f8' in position 5: illegal multibyte sequence
